<html>
<body>
<pre>
<h1>µVision Build Log</h1>
<h2>Tool Versions:</h2>
IDE-Version: µVision V5.21.1.0
Copyright (C) 2016 ARM Ltd and ARM Germany GmbH. All rights reserved.
License Information: ankur HP, s, LIC=----
 
Tool Versions:
Toolchain:       MDK-Lite  Version: 5.21a
Toolchain Path:  C:\Keil_v5\ARM\ARMCC\Bin
C Compiler:      Armcc.exe V5.06 update 3 (build 300)
Assembler:       Armasm.exe V5.06 update 3 (build 300)
Linker/Locator:  ArmLink.exe V5.06 update 3 (build 300)
Library Manager: ArmAr.exe V5.06 update 3 (build 300)
Hex Converter:   FromElf.exe V5.06 update 3 (build 300)
CPU DLL:         SARM.DLL V5.21a
Dialog DLL:      DARMP.DLL V1.52.0.0
Target DLL:      UL2ARM.DLL V1.74.9.0
Dialog DLL:      TARMP.DLL V1.52.0.0
 
<h2>Project:</h2>
D:\Learn\ARM\PWM\pwm
Project File Date:  06/27/2018

<h2>Output:</h2>
*** Using Compiler 'V5.06 update 3 (build 300)', folder: 'C:\Keil_v5\ARM\ARMCC\Bin'
Build target 'Target 1'
compiling pwm1.c...
pwm1.c(94): warning:  #1-D: last line of file ends without a newline
  }
pwm1.c: 1 warning, 0 errors
linking...
.\Objects\pwm.axf: Warning: L6914W: option ropi ignored when using --scatter.
.\Objects\pwm.axf: Warning: L6914W: option rwpi ignored when using --scatter.
Program Size: Code=1028 RO-data=16 RW-data=0 ZI-data=1256  
Finished: 0 information, 2 warning and 0 error messages.
FromELF: creating hex file...
".\Objects\pwm.axf" - 0 Error(s), 3 Warning(s).
Build Time Elapsed:  00:00:00
</pre>
</body>
</html>
