<html>
<body>
<pre>
<h1>µVision Build Log</h1>
<h2>Tool Versions:</h2>
IDE-Version: µVision V5.21.1.0
Copyright (C) 2016 ARM Ltd and ARM Germany GmbH. All rights reserved.
License Information: ankur HP, s, LIC=----
 
Tool Versions:
Toolchain:       MDK-Lite  Version: 5.21a
Toolchain Path:  C:\Keil_v5\ARM\ARMCC\Bin
C Compiler:      Armcc.exe V5.06 update 3 (build 300)
Assembler:       Armasm.exe V5.06 update 3 (build 300)
Linker/Locator:  ArmLink.exe V5.06 update 3 (build 300)
Library Manager: ArmAr.exe V5.06 update 3 (build 300)
Hex Converter:   FromElf.exe V5.06 update 3 (build 300)
CPU DLL:         SARM.DLL V5.21a
Dialog DLL:      DARMP.DLL V1.52.0.0
Target DLL:      UL2ARM.DLL V1.74.9.0
Dialog DLL:      TARMP.DLL V1.52.0.0
 
<h2>Project:</h2>
D:\Learn\ARM\ADC\adc.uvproj
Project File Date:  06/25/2018

<h2>Output:</h2>
*** Using Compiler 'V5.06 update 3 (build 300)', folder: 'C:\Keil_v5\ARM\ARMCC\Bin'
Build target 'Target 1'
compiling adc.c...
adc.c(17): warning:  #1295-D: Deprecated declaration Lcd_Init - give arg types
  void Lcd_Init();
adc.c(91): warning:  #177-D: variable "ones" was declared but never referenced
  		int x,i,ones,tens,hundreds,thousands;
adc.c(91): warning:  #177-D: variable "tens" was declared but never referenced
  		int x,i,ones,tens,hundreds,thousands;
adc.c(91): warning:  #177-D: variable "hundreds" was declared but never referenced
  		int x,i,ones,tens,hundreds,thousands;
adc.c(91): warning:  #177-D: variable "thousands" was declared but never referenced
  		int x,i,ones,tens,hundreds,thousands;
adc.c: 5 warnings, 0 errors
linking...
Program Size: Code=2392 RO-data=16 RW-data=0 ZI-data=1280  
FromELF: creating hex file...
".\Objects\adc.axf" - 0 Error(s), 5 Warning(s).
Build Time Elapsed:  00:00:01
</pre>
</body>
</html>
